2 3
.#.
.B.
2 3
#G#
BB.
2 3
G.#
B#.
2 3
##.
GB.
2 3
#G.
.B.
2 3
...
B#.
2 3
#GG
...
2 3
#.B
GB.
2 3
B.G
.G.
2 3
BB#
##.
2 3
#G.
G#.
2 3
B.B
##.
2 3
BBB
GG.
2 3
BBG
##.
2 3
BB#
GB.
2 3
GG.
G#.
2 3
#.#
G#.
2 3
G..
...
2 3
GG.
.#.
2 3
B.#
B..
2 3
#GB
#G.
2 3
##G
#G.
2 3
G#B
#..
2 3
.B.
B..
2 3
.#.
#B.
2 3
G#.
B..
2 3
G#.
#B.
2 3
G..
#B.
2 3
.B#
GG.
2 3
G##
#B.
2 3
#G#
G#.
2 3
.B#
#..
2 3
GBG
#G.