4
0
0
5
2
0
2
0
0
2
2
5
0
10
2
5
2
0
0
2
10
25
0
0
2
0
0
0
0
2
0
0
0
0
0
5
0
2
5
5
5
5
5
0
2
125
2
2
5
0
25
0
25
5
5
0
0
0
0
0
0
2
0
2
0
10
2
2
0
0
0
0
5
0
0
5
0
0
0
2
5
0
0
5
50
0
0
2
5
125
0
0
0
2
2
0
0
10
10
0
