9776
9849
9879
9799
9858
9849
9829
9760
9742
9740
9810
9679
9852
9919
9825
9865
9886
9786
9797
9805
9752
9851
9730
9767
9825
9754
9924
9800
9982
9783
9800
9718
9912
9722
9828
9843
9751
9794
9858
9851
9796
9794
9740
9770
9846
9878
9814
9832
9869
9799
9865
9776
9767
9935
9851
9732
9849
9654
9865
9822
9805
9682
9796
9805
9649
9957
9820
9881
9911
9813
9633
9709
9747
9793
9763
9860
9793
9858
9620
9763
9759
9896
9881
9834
9767
9993
9739
9875
9820
9854
9645
9838
9665
9739
9750
9913
9900
9840
9897
9846
