1536000
64
64
576000000
1536000
64
384000
256
32
256
512
512
463601646
1024
501108542
501108542
768000
1536000
3072000
128
3972731
153755647
1536000
64
128
768000
576000000
319631513
156099828
6144000
576000000
32
6144000
2048
256
64
256
96000
32
16
768000
32
384000
96000
512
153755647
72000000
192000
768000
4096
192000
16
192000
1024
192000
32
518634655
128
98304000
768000
512
576000000
6144000
64
96000
96000
8192
3072000
78049914
156099828
768000
768000
768000
1536000
64
3072000
1024
512
512
1024
6144000
615022588
288000000
3072000
16
307511294
615022588
32
639263026
256
153755647
192000
144000000
144000000
64
4096
512
3072000
256
615022588
