9806
9950
9785
9896
9839
9749
9832
9805
9765
9884
9806
9859
9639
9797
9635
9793
9801
9763
9864
9784
9836
9824
9950
9784
9870
9925
9822
9814
9780
9761
9761
9862
9688
9777
9703
9736
9817
9671
9812
9785
9905
9866
9746
9805
9807
9767
9746
9866
9778
9710
9774
9827
9877
9803
9839
9792
9862
9731
9725
9785
9820
9841
9755
9739
9761
9739
9805
9779
9733
9711
9745
9841
9892
9828
9873
9837
9872
9697
9748
9675
9734
9790
9815
9667
9732
9837
9825
9809
9795
9795
9921
9780
9827
9780
9791
9794
9787
9758
9905
9899
